oleh@robotop:~/gl/u1/os4gl_testgit$ git push
fatal: The upstream branch of your current branch does not match
the name of your current branch.  To push to the upstream branch
on the remote, use

    git push origin HEAD:branch2

To push to the branch of the same name on the remote, use

    git push origin branch_2

oleh@robotop:~/gl/u1/os4gl_testgit$ git push origin branch_2
Username for 'https://github.com': olehs4gl
Password for 'https://olehs4gl@github.com': 
Counting objects: 9, done.
Compressing objects: 100% (4/4), done.
Writing objects: 100% (9/9), 737 bytes | 0 bytes/s, done.
Total 9 (delta 2), reused 0 (delta 0)
remote: Resolving deltas: 100% (2/2), completed with 1 local object.
remote: 
remote: Create a pull request for 'branch_2' on GitHub by visiting:
remote:      https://github.com/olehs4gl/os4gl_testgit/pull/new/branch_2
remote: 
To https://github.com/olehs4gl/os4gl_testgit
 * [new branch]      branch_2 -> branch_2
oleh@robotop:~/gl/u1/os4gl_testgit$ git push origin branch_2
Username for 'https://github.com': olehs4gl
Password for 'https://olehs4gl@github.com': 
To https://github.com/olehs4gl/os4gl_testgit
 ! [rejected]        branch_2 -> branch_2 (non-fast-forward)
error: failed to push some refs to 'https://github.com/olehs4gl/os4gl_testgit'
hint: Updates were rejected because the tip of your current branch is behind
hint: its remote counterpart. Integrate the remote changes (e.g.
hint: 'git pull ...') before pushing again.
hint: See the 'Note about fast-forwards' in 'git push --help' for details.
oleh@robotop:~/gl/u1/os4gl_testgit$ git push --force-with-lease origin branch_2
Username for 'https://github.com': olehs4gl
Password for 'https://olehs4gl@github.com': 
Counting objects: 7, done.
Compressing objects: 100% (2/2), done.
Writing objects: 100% (7/7), 563 bytes | 0 bytes/s, done.
Total 7 (delta 1), reused 0 (delta 0)
remote: Resolving deltas: 100% (1/1), completed with 1 local object.
To https://github.com/olehs4gl/os4gl_testgit
 + f6cf563...e04f2bf branch_2 -> branch_2 (forced update)
oleh@robotop:~/gl/u1/os4gl_testgit$ git push --all
Username for 'https://github.com': olehs4gl 
Password for 'https://olehs4gl@github.com': 
Counting objects: 10, done.
Compressing objects: 100% (4/4), done.
Writing objects: 100% (10/10), 1.00 KiB | 0 bytes/s, done.
Total 10 (delta 1), reused 0 (delta 0)
remote: Resolving deltas: 100% (1/1), done.
To https://github.com/olehs4gl/os4gl_testgit
   b2b301b..822851b  master -> master
