oleh@robotop:~/gl/u1/os4gl_testgit$ git checkout branch_2
Switched to branch 'branch_2'
Your branch is up-to-date with 'origin/branch2'.
oleh@robotop:~/gl/u1/os4gl_testgit$ git reset
oleh@robotop:~/gl/u1/os4gl_testgit$ git commit -m"start task 3"
[branch_2 561df6c] start task 3
 1 file changed, 7 insertions(+)
 create mode 100644 s3.txt
oleh@robotop:~/gl/u1/os4gl_testgit$ git commit -m"commit to be amend"
[branch_2 f63f2d7] commit to be amend
 3 files changed, 19 insertions(+), 2 deletions(-)
 create mode 100644 s3.txt
oleh@robotop:~/gl/u1/os4gl_testgit$ git commit --amend
[branch_2 4874fb7] commit to be amend
 Date: Fri Nov 8 11:27:42 2019 +0200
 4 files changed, 22 insertions(+), 2 deletions(-)
 create mode 100644 addonemorefile.txt
 create mode 100644 s3.txt
oleh@robotop:~/gl/u1/os4gl_testgit$ git commit -m"commit will be reset"
[branch_2 f6cf563] commit will be reset
 1 file changed, 1 insertion(+)
 create mode 100644 addmorecommit.txt
oleh@robotop:~/gl/u1/os4gl_testgit$ git commit -m"commit united after reset"
[branch_2 e04f2bf] commit united after reset
 5 files changed, 23 insertions(+), 2 deletions(-)
 create mode 100644 addmorecommit.txt
 create mode 100644 addonemorefile.txt
 create mode 100644 s3.txt
oleh@robotop:~/gl/u1/os4gl_testgit$ git pull
Already up-to-date.
oleh@robotop:~/gl/u1/os4gl_testgit$ git checkout master
Switched to branch 'master'
Your branch is up-to-date with 'origin/master'.
oleh@robotop:~/gl/u1/os4gl_testgit$ git commit -m"commit before cherrypick from branch_2"
[master d369547] commit before cherrypick from branch_2
 1 file changed, 2 insertions(+)
 create mode 100644 cherrypick.txt
oleh@robotop:~/gl/u1/os4gl_testgit$ git cherry-pick branch_2
[master 822851b] commit united after reset
 Date: Fri Nov 8 11:55:33 2019 +0200
 5 files changed, 23 insertions(+), 2 deletions(-)
 create mode 100644 addmorecommit.txt
 create mode 100644 addonemorefile.txt
 create mode 100644 s3.txt
